2025-06-01 14:23:34,688 48972 DEBUG ? odoo.service.server: cron1 polling for jobs 
2025-06-01 14:23:53,809 48972 DEBUG ? odoo.service.server: cron0 polling for jobs 
2025-06-01 14:24:02,398 69578 DEBUG ? odoo.netsvc: logger level set: "odoo.http.rpc.request:INFO" 
2025-06-01 14:24:02,399 69578 DEBUG ? odoo.netsvc: logger level set: "odoo.http.rpc.response:INFO" 
2025-06-01 14:24:02,399 69578 DEBUG ? odoo.netsvc: logger level set: ":INFO" 
2025-06-01 14:24:02,399 69578 DEBUG ? odoo.netsvc: logger level set: "odoo:DEBUG" 
2025-06-01 14:24:02,399 69578 DEBUG ? odoo.netsvc: logger level set: "odoo.sql_db:INFO" 
2025-06-01 14:24:02,399 69578 DEBUG ? odoo.netsvc: logger level set: ":INFO" 
2025-06-01 14:24:02,399 69578 INFO ? odoo: Odoo version 15.0 
2025-06-01 14:24:02,399 69578 INFO ? odoo: Using configuration file at /home/simon/odoo-13-18/arquitectura/odoo15/clientes/cliente1/conf/odoo.cfg 
2025-06-01 14:24:02,399 69578 INFO ? odoo: addons paths: ['/home/simon/odoo-13-18/arquitectura/odoo15/odoo/odoo/addons', '/home/simon/odoo-13-18/arquitectura/odoo15/clientes/cliente1/data/.local/share/Odoo/addons/15.0', '/home/simon/odoo-13-18/arquitectura/odoo15/odoo/addons', '/home/simon/odoo-13-18/arquitectura/odoo15/clientes/cliente1/extra-addons/enterprise', '/home/simon/odoo-13-18/arquitectura/odoo15/clientes/cliente1/extra-addons/oca', '/home/simon/odoo-13-18/arquitectura/odoo15/clientes/cliente1/extra-addons/extra'] 
2025-06-01 14:24:02,399 69578 INFO ? odoo: database: odoo15@0.0.0.0:5432 
2025-06-01 14:24:02,476 69578 INFO ? odoo.addons.base.models.ir_actions_report: You need Wkhtmltopdf to print a pdf version of the reports. 
2025-06-01 14:24:02,553 69578 DEBUG ? odoo.service.server: Setting signal handlers 
2025-06-01 14:24:02,567 69578 DEBUG ? odoo.modules.registry: Multiprocess load registry signaling: [Registry: 1] [Cache: 1] 
2025-06-01 14:24:02,569 69578 INFO dbodoo15 odoo.modules.loading: loading 1 modules... 
2025-06-01 14:24:02,570 69578 DEBUG dbodoo15 odoo.modules.loading: Loading module base (1/1) 
2025-06-01 14:24:02,574 69578 DEBUG dbodoo15 odoo.modules.loading: Module base loaded in 0.00s, 0 queries 
2025-06-01 14:24:02,574 69578 INFO dbodoo15 odoo.modules.loading: 1 modules loaded in 0.00s, 0 queries (+0 extra) 
2025-06-01 14:24:02,602 69578 DEBUG dbodoo15 odoo.modules.loading: Updating graph with 6 more modules 
2025-06-01 14:24:02,602 69578 INFO dbodoo15 odoo.modules.loading: loading 7 modules... 
2025-06-01 14:24:02,602 69578 DEBUG dbodoo15 odoo.modules.loading: Loading module web (2/7) 
2025-06-01 14:24:02,603 69578 DEBUG dbodoo15 odoo.modules.loading: Module web loaded in 0.00s, 0 queries 
2025-06-01 14:24:02,603 69578 DEBUG dbodoo15 odoo.modules.loading: Loading module auth_totp (3/7) 
2025-06-01 14:24:02,608 69578 DEBUG dbodoo15 odoo.modules.loading: Module auth_totp loaded in 0.00s, 0 queries 
2025-06-01 14:24:02,608 69578 DEBUG dbodoo15 odoo.modules.loading: Loading module base_import (4/7) 
2025-06-01 14:24:02,612 69578 DEBUG dbodoo15 odoo.modules.loading: Module base_import loaded in 0.00s, 0 queries 
2025-06-01 14:24:02,612 69578 DEBUG dbodoo15 odoo.modules.loading: Loading module web_editor (5/7) 
2025-06-01 14:24:02,621 69578 DEBUG dbodoo15 odoo.modules.loading: Module web_editor loaded in 0.01s, 0 queries 
2025-06-01 14:24:02,621 69578 DEBUG dbodoo15 odoo.modules.loading: Loading module web_kanban_gauge (6/7) 
2025-06-01 14:24:02,622 69578 DEBUG dbodoo15 odoo.modules.loading: Module web_kanban_gauge loaded in 0.00s, 0 queries 
2025-06-01 14:24:02,622 69578 DEBUG dbodoo15 odoo.modules.loading: Loading module web_tour (7/7) 
2025-06-01 14:24:02,623 69578 DEBUG dbodoo15 odoo.modules.loading: Module web_tour loaded in 0.00s, 0 queries 
2025-06-01 14:24:02,623 69578 INFO dbodoo15 odoo.modules.loading: 7 modules loaded in 0.02s, 0 queries (+0 extra) 
2025-06-01 14:24:02,640 69578 INFO dbodoo15 odoo.modules.loading: Modules loaded. 
2025-06-01 14:24:02,641 69578 INFO dbodoo15 odoo.modules.registry: Registry loaded in 0.087s 
2025-06-01 14:24:02,642 69578 DEBUG dbodoo15 odoo.service.server: cron0 started! 
2025-06-01 14:24:02,642 69578 DEBUG dbodoo15 odoo.service.server: cron1 started! 
2025-06-01 14:24:07,034 69578 INFO dbodoo15 odoo.service.server: Initiating shutdown 
2025-06-01 14:24:07,034 69578 INFO dbodoo15 odoo.service.server: Hit CTRL-C again or send a second signal to force the shutdown. 
2025-06-01 14:24:07,034 69578 DEBUG dbodoo15 odoo.service.server: on_close call <bound method Event.set of <threading.Event at 0xe2e3c303a000: unset>> 
2025-06-01 14:24:07,034 69578 DEBUG dbodoo15 odoo.service.server: on_close call <bound method ImDispatch.wakeup_workers of <odoo.addons.bus.models.bus.ImDispatch object at 0xe2e3c303a090>> 
2025-06-01 14:24:07,034 69578 DEBUG dbodoo15 odoo.service.server: current thread: <_MainThread(MainThread, started 249467975841568)> 
2025-06-01 14:24:07,034 69578 DEBUG dbodoo15 odoo.service.server: process <_MainThread(MainThread, started 249467975841568)> (False) 
2025-06-01 14:24:07,034 69578 DEBUG dbodoo15 odoo.service.server: process <Thread(odoo.service.cron.cron0, started daemon 249467866247552)> (True) 
2025-06-01 14:24:07,034 69578 DEBUG dbodoo15 odoo.service.server: process <Thread(odoo.service.cron.cron1, started daemon 249467848683904)> (True) 
2025-06-01 14:24:07,035 69578 INFO dbodoo15 odoo.sql_db: ConnectionPool(used=0/count=0/max=64): Closed 3 connections  
2025-06-01 14:24:07,035 69578 DEBUG dbodoo15 odoo.service.server: -- 
2025-06-01 14:24:35,711 48972 DEBUG ? odoo.service.server: cron1 polling for jobs 
2025-06-01 14:24:53,871 48972 DEBUG ? odoo.service.server: cron0 polling for jobs 
2025-06-01 14:25:36,786 48972 DEBUG ? odoo.service.server: cron1 polling for jobs 
2025-06-01 14:25:53,873 48972 DEBUG ? odoo.service.server: cron0 polling for jobs 
2025-06-01 14:27:05,942 70026 DEBUG ? odoo.netsvc: logger level set: "odoo.http.rpc.request:INFO" 
2025-06-01 14:27:05,942 70026 DEBUG ? odoo.netsvc: logger level set: "odoo.http.rpc.response:INFO" 
2025-06-01 14:27:05,942 70026 DEBUG ? odoo.netsvc: logger level set: ":INFO" 
2025-06-01 14:27:05,942 70026 DEBUG ? odoo.netsvc: logger level set: "odoo:DEBUG" 
2025-06-01 14:27:05,942 70026 DEBUG ? odoo.netsvc: logger level set: "odoo.sql_db:INFO" 
2025-06-01 14:27:05,942 70026 DEBUG ? odoo.netsvc: logger level set: ":INFO" 
2025-06-01 14:27:05,942 70026 INFO ? odoo: Odoo version 15.0 
2025-06-01 14:27:05,942 70026 INFO ? odoo: Using configuration file at /home/simon/odoo-13-18/arquitectura/odoo15/clientes/cliente1/conf/odoo.cfg 
2025-06-01 14:27:05,942 70026 INFO ? odoo: addons paths: ['/home/simon/odoo-13-18/arquitectura/odoo15/odoo/odoo/addons', '/home/simon/odoo-13-18/arquitectura/odoo15/clientes/cliente1/data/.local/share/Odoo/addons/15.0', '/home/simon/odoo-13-18/arquitectura/odoo15/odoo/addons', '/home/simon/odoo-13-18/arquitectura/odoo15/clientes/cliente1/extra-addons/enterprise', '/home/simon/odoo-13-18/arquitectura/odoo15/clientes/cliente1/extra-addons/oca', '/home/simon/odoo-13-18/arquitectura/odoo15/clientes/cliente1/extra-addons/extra'] 
2025-06-01 14:27:05,942 70026 INFO ? odoo: database: odoo15@0.0.0.0:5432 
2025-06-01 14:27:06,020 70026 INFO ? odoo.addons.base.models.ir_actions_report: You need Wkhtmltopdf to print a pdf version of the reports. 
2025-06-01 14:27:06,116 70026 DEBUG ? odoo.service.server: Setting signal handlers 
2025-06-01 14:27:06,116 70026 INFO ? odoo.service.server: HTTP service (werkzeug) running on simon:8015 
2025-06-01 14:27:06,128 70026 DEBUG ? odoo.modules.registry: Multiprocess load registry signaling: [Registry: 1] [Cache: 1] 
2025-06-01 14:27:06,130 70026 INFO dbodoo15 odoo.modules.loading: loading 1 modules... 
2025-06-01 14:27:06,130 70026 DEBUG dbodoo15 odoo.modules.loading: Loading module base (1/1) 
2025-06-01 14:27:06,157 70026 DEBUG dbodoo15 odoo.modules.loading: Module base loaded in 0.03s, 0 queries 
2025-06-01 14:27:06,157 70026 INFO dbodoo15 odoo.modules.loading: 1 modules loaded in 0.03s, 0 queries (+0 extra) 
2025-06-01 14:27:06,161 70026 DEBUG dbodoo15 odoo.modules.loading: Updating graph with 6 more modules 
2025-06-01 14:27:06,161 70026 INFO dbodoo15 odoo.modules.loading: loading 7 modules... 
2025-06-01 14:27:06,161 70026 DEBUG dbodoo15 odoo.modules.loading: Loading module web (2/7) 
2025-06-01 14:27:06,162 70026 DEBUG dbodoo15 odoo.modules.loading: Module web loaded in 0.00s, 0 queries 
2025-06-01 14:27:06,162 70026 DEBUG dbodoo15 odoo.modules.loading: Loading module auth_totp (3/7) 
2025-06-01 14:27:06,167 70026 DEBUG dbodoo15 odoo.modules.loading: Module auth_totp loaded in 0.00s, 0 queries 
2025-06-01 14:27:06,167 70026 DEBUG dbodoo15 odoo.modules.loading: Loading module base_import (4/7) 
2025-06-01 14:27:06,171 70026 DEBUG dbodoo15 odoo.modules.loading: Module base_import loaded in 0.00s, 0 queries 
2025-06-01 14:27:06,171 70026 DEBUG dbodoo15 odoo.modules.loading: Loading module web_editor (5/7) 
2025-06-01 14:27:06,180 70026 DEBUG dbodoo15 odoo.modules.loading: Module web_editor loaded in 0.01s, 0 queries 
2025-06-01 14:27:06,180 70026 DEBUG dbodoo15 odoo.modules.loading: Loading module web_kanban_gauge (6/7) 
2025-06-01 14:27:06,180 70026 DEBUG dbodoo15 odoo.modules.loading: Module web_kanban_gauge loaded in 0.00s, 0 queries 
2025-06-01 14:27:06,180 70026 DEBUG dbodoo15 odoo.modules.loading: Loading module web_tour (7/7) 
2025-06-01 14:27:06,181 70026 DEBUG dbodoo15 odoo.modules.loading: Module web_tour loaded in 0.00s, 0 queries 
2025-06-01 14:27:06,181 70026 INFO dbodoo15 odoo.modules.loading: 7 modules loaded in 0.02s, 0 queries (+0 extra) 
2025-06-01 14:27:06,199 70026 INFO dbodoo15 odoo.modules.loading: Modules loaded. 
2025-06-01 14:27:06,200 70026 INFO dbodoo15 odoo.modules.registry: Registry loaded in 0.084s 
2025-06-01 14:27:06,201 70026 DEBUG dbodoo15 odoo.service.server: cron0 started! 
2025-06-01 14:27:06,201 70026 DEBUG dbodoo15 odoo.service.server: cron1 started! 
2025-06-01 14:27:29,572 70026 DEBUG ? odoo.http: Loading base 
2025-06-01 14:27:29,573 70026 DEBUG ? odoo.http: Loading test_apikeys 
2025-06-01 14:27:29,574 70026 DEBUG ? odoo.http: Loading test_assetsbundle 
2025-06-01 14:27:29,576 70026 DEBUG ? odoo.http: Loading test_exceptions 
2025-06-01 14:27:29,580 70026 DEBUG ? odoo.http: Loading test_main_flows 
2025-06-01 14:27:29,581 70026 DEBUG ? odoo.http: Loading test_new_api 
2025-06-01 14:27:29,584 70026 DEBUG ? odoo.http: Loading test_translation_import 
2025-06-01 14:27:29,585 70026 DEBUG ? odoo.http: Loading account 
2025-06-01 14:27:29,586 70026 DEBUG ? odoo.http: Loading account_check_printing 
2025-06-01 14:27:29,594 70026 DEBUG ? odoo.http: Loading auth_oauth 
2025-06-01 14:27:29,595 70026 DEBUG ? odoo.http: Loading auth_password_policy 
2025-06-01 14:27:29,595 70026 DEBUG ? odoo.http: Loading auth_password_policy_portal 
2025-06-01 14:27:29,596 70026 DEBUG ? odoo.http: Loading auth_password_policy_signup 
2025-06-01 14:27:29,596 70026 DEBUG ? odoo.http: Loading auth_signup 
2025-06-01 14:27:29,596 70026 DEBUG ? odoo.http: Loading auth_totp 
2025-06-01 14:27:29,597 70026 DEBUG ? odoo.http: Loading auth_totp_mail 
2025-06-01 14:27:29,597 70026 DEBUG ? odoo.http: Loading auth_totp_portal 
2025-06-01 14:27:29,598 70026 DEBUG ? odoo.http: Loading barcodes 
2025-06-01 14:27:29,598 70026 DEBUG ? odoo.http: Loading barcodes_gs1_nomenclature 
2025-06-01 14:27:29,599 70026 DEBUG ? odoo.http: Loading base_automation 
2025-06-01 14:27:29,600 70026 DEBUG ? odoo.http: Loading base_iban 
2025-06-01 14:27:29,600 70026 DEBUG ? odoo.http: Loading base_import 
2025-06-01 14:27:29,601 70026 DEBUG ? odoo.http: Loading base_setup 
2025-06-01 14:27:29,602 70026 DEBUG ? odoo.http: Loading board 
2025-06-01 14:27:29,602 70026 DEBUG ? odoo.http: Loading bus 
2025-06-01 14:27:29,603 70026 DEBUG ? odoo.http: Loading calendar 
2025-06-01 14:27:29,604 70026 DEBUG ? odoo.http: Loading contacts 
2025-06-01 14:27:29,605 70026 DEBUG ? odoo.http: Loading crm 
2025-06-01 14:27:29,606 70026 DEBUG ? odoo.http: Loading crm_iap_mine 
2025-06-01 14:27:29,606 70026 DEBUG ? odoo.http: Loading crm_livechat 
2025-06-01 14:27:29,607 70026 DEBUG ? odoo.http: Loading crm_mail_plugin 
2025-06-01 14:27:29,608 70026 DEBUG ? odoo.http: Loading delivery_mondialrelay 
2025-06-01 14:27:29,608 70026 DEBUG ? odoo.http: Loading digest 
2025-06-01 14:27:29,609 70026 DEBUG ? odoo.http: Loading event 
2025-06-01 14:27:29,609 70026 DEBUG ? odoo.http: Loading event_booth 
2025-06-01 14:27:29,609 70026 DEBUG ? odoo.http: Loading event_booth_sale 
2025-06-01 14:27:29,611 70026 DEBUG ? odoo.http: Loading event_sale 
2025-06-01 14:27:29,612 70026 DEBUG ? odoo.http: Loading fetchmail 
2025-06-01 14:27:29,613 70026 DEBUG ? odoo.http: Loading fleet 
2025-06-01 14:27:29,613 70026 DEBUG ? odoo.http: Loading gamification 
2025-06-01 14:27:29,614 70026 DEBUG ? odoo.http: Loading gift_card 
2025-06-01 14:27:29,614 70026 DEBUG ? odoo.http: Loading google_calendar 
2025-06-01 14:27:29,615 70026 DEBUG ? odoo.http: Loading google_drive 
2025-06-01 14:27:29,616 70026 DEBUG ? odoo.http: Loading google_recaptcha 
2025-06-01 14:27:29,616 70026 DEBUG ? odoo.http: Loading google_spreadsheet 
2025-06-01 14:27:29,616 70026 DEBUG ? odoo.http: Loading hr 
2025-06-01 14:27:29,617 70026 DEBUG ? odoo.http: Loading hr_attendance 
2025-06-01 14:27:29,617 70026 DEBUG ? odoo.http: Loading hr_contract 
2025-06-01 14:27:29,618 70026 DEBUG ? odoo.http: Loading hr_expense 
2025-06-01 14:27:29,618 70026 DEBUG ? odoo.http: Loading hr_gamification 
2025-06-01 14:27:29,619 70026 DEBUG ? odoo.http: Loading hr_holidays 
2025-06-01 14:27:29,620 70026 DEBUG ? odoo.http: Loading hr_holidays_attendance 
2025-06-01 14:27:29,621 70026 DEBUG ? odoo.http: Loading hr_org_chart 
2025-06-01 14:27:29,622 70026 DEBUG ? odoo.http: Loading hr_recruitment 
2025-06-01 14:27:29,622 70026 DEBUG ? odoo.http: Loading hr_skills 
2025-06-01 14:27:29,623 70026 DEBUG ? odoo.http: Loading hr_skills_slides 
2025-06-01 14:27:29,623 70026 DEBUG ? odoo.http: Loading hr_skills_survey 
2025-06-01 14:27:29,624 70026 DEBUG ? odoo.http: Loading hr_timesheet 
2025-06-01 14:27:29,625 70026 DEBUG ? odoo.http: Loading hr_work_entry 
2025-06-01 14:27:29,625 70026 DEBUG ? odoo.http: Loading hr_work_entry_contract 
2025-06-01 14:27:29,626 70026 DEBUG ? odoo.http: Loading http_routing 
2025-06-01 14:27:29,627 70026 DEBUG ? odoo.http: Loading iap 
2025-06-01 14:27:29,629 70026 DEBUG ? odoo.http: Loading im_livechat 
2025-06-01 14:27:29,630 70026 DEBUG ? odoo.http: Loading l10n_ae 
2025-06-01 14:27:29,630 70026 DEBUG ? odoo.http: Loading l10n_ae_pos 
2025-06-01 14:27:29,631 70026 DEBUG ? odoo.http: Loading l10n_ar 
2025-06-01 14:27:29,631 70026 DEBUG ? odoo.http: Loading l10n_ar_website_sale 
2025-06-01 14:27:29,632 70026 DEBUG ? odoo.http: Loading l10n_at 
2025-06-01 14:27:29,632 70026 DEBUG ? odoo.http: Loading l10n_au 
2025-06-01 14:27:29,633 70026 DEBUG ? odoo.http: Loading l10n_be 
2025-06-01 14:27:29,633 70026 DEBUG ? odoo.http: Loading l10n_bg 
2025-06-01 14:27:29,634 70026 DEBUG ? odoo.http: Loading l10n_bo 
2025-06-01 14:27:29,634 70026 DEBUG ? odoo.http: Loading l10n_br 
2025-06-01 14:27:29,634 70026 DEBUG ? odoo.http: Loading l10n_ca 
2025-06-01 14:27:29,635 70026 DEBUG ? odoo.http: Loading l10n_ch 
2025-06-01 14:27:29,635 70026 DEBUG ? odoo.http: Loading l10n_cl 
2025-06-01 14:27:29,636 70026 DEBUG ? odoo.http: Loading l10n_cn 
2025-06-01 14:27:29,636 70026 DEBUG ? odoo.http: Loading l10n_co 
2025-06-01 14:27:29,637 70026 DEBUG ? odoo.http: Loading l10n_co_pos 
2025-06-01 14:27:29,637 70026 DEBUG ? odoo.http: Loading l10n_cr 
2025-06-01 14:27:29,637 70026 DEBUG ? odoo.http: Loading l10n_cz 
2025-06-01 14:27:29,638 70026 DEBUG ? odoo.http: Loading l10n_de 
2025-06-01 14:27:29,640 70026 DEBUG ? odoo.http: Loading l10n_dk 
2025-06-01 14:27:29,640 70026 DEBUG ? odoo.http: Loading l10n_do 
2025-06-01 14:27:29,641 70026 DEBUG ? odoo.http: Loading l10n_dz 
2025-06-01 14:27:29,641 70026 DEBUG ? odoo.http: Loading l10n_ec 
2025-06-01 14:27:29,642 70026 DEBUG ? odoo.http: Loading l10n_eg_edi_eta 
2025-06-01 14:27:29,642 70026 DEBUG ? odoo.http: Loading l10n_es 
2025-06-01 14:27:29,643 70026 DEBUG ? odoo.http: Loading l10n_et 
2025-06-01 14:27:29,643 70026 DEBUG ? odoo.http: Loading l10n_fi 
2025-06-01 14:27:29,644 70026 DEBUG ? odoo.http: Loading l10n_fi_sale 
2025-06-01 14:27:29,644 70026 DEBUG ? odoo.http: Loading l10n_fr 
2025-06-01 14:27:29,646 70026 DEBUG ? odoo.http: Loading l10n_fr_pos_cert 
2025-06-01 14:27:29,647 70026 DEBUG ? odoo.http: Loading l10n_gcc_pos 
2025-06-01 14:27:29,647 70026 DEBUG ? odoo.http: Loading l10n_generic_coa 
2025-06-01 14:27:29,647 70026 DEBUG ? odoo.http: Loading l10n_gr 
2025-06-01 14:27:29,648 70026 DEBUG ? odoo.http: Loading l10n_gt 
2025-06-01 14:27:29,648 70026 DEBUG ? odoo.http: Loading l10n_hk 
2025-06-01 14:27:29,648 70026 DEBUG ? odoo.http: Loading l10n_hn 
2025-06-01 14:27:29,649 70026 DEBUG ? odoo.http: Loading l10n_hr 
2025-06-01 14:27:29,649 70026 DEBUG ? odoo.http: Loading l10n_hu 
2025-06-01 14:27:29,649 70026 DEBUG ? odoo.http: Loading l10n_id 
2025-06-01 14:27:29,650 70026 DEBUG ? odoo.http: Loading l10n_ie 
2025-06-01 14:27:29,651 70026 DEBUG ? odoo.http: Loading l10n_il 
2025-06-01 14:27:29,651 70026 DEBUG ? odoo.http: Loading l10n_in 
2025-06-01 14:27:29,652 70026 DEBUG ? odoo.http: Loading l10n_in_pos 
2025-06-01 14:27:29,655 70026 DEBUG ? odoo.http: Loading l10n_it 
2025-06-01 14:27:29,656 70026 DEBUG ? odoo.http: Loading l10n_it_edi_website_sale 
2025-06-01 14:27:29,656 70026 DEBUG ? odoo.http: Loading l10n_jp 
2025-06-01 14:27:29,657 70026 DEBUG ? odoo.http: Loading l10n_ke_edi_tremol 
2025-06-01 14:27:29,658 70026 DEBUG ? odoo.http: Loading l10n_lt 
2025-06-01 14:27:29,658 70026 DEBUG ? odoo.http: Loading l10n_lu 
2025-06-01 14:27:29,659 70026 DEBUG ? odoo.http: Loading l10n_ma 
2025-06-01 14:27:29,659 70026 DEBUG ? odoo.http: Loading l10n_mn 
2025-06-01 14:27:29,660 70026 DEBUG ? odoo.http: Loading l10n_mx 
2025-06-01 14:27:29,661 70026 DEBUG ? odoo.http: Loading l10n_nl 
2025-06-01 14:27:29,661 70026 DEBUG ? odoo.http: Loading l10n_no 
2025-06-01 14:27:29,662 70026 DEBUG ? odoo.http: Loading l10n_nz 
2025-06-01 14:27:29,662 70026 DEBUG ? odoo.http: Loading l10n_pa 
2025-06-01 14:27:29,663 70026 DEBUG ? odoo.http: Loading l10n_pe 
2025-06-01 14:27:29,663 70026 DEBUG ? odoo.http: Loading l10n_pk 
2025-06-01 14:27:29,664 70026 DEBUG ? odoo.http: Loading l10n_pl 
2025-06-01 14:27:29,664 70026 DEBUG ? odoo.http: Loading l10n_pt 
2025-06-01 14:27:29,665 70026 DEBUG ? odoo.http: Loading l10n_ro 
2025-06-01 14:27:29,666 70026 DEBUG ? odoo.http: Loading l10n_sa 
2025-06-01 14:27:29,666 70026 DEBUG ? odoo.http: Loading l10n_sa_edi 
2025-06-01 14:27:29,667 70026 DEBUG ? odoo.http: Loading l10n_sa_edi_pos 
2025-06-01 14:27:29,667 70026 DEBUG ? odoo.http: Loading l10n_sa_pos 
2025-06-01 14:27:29,668 70026 DEBUG ? odoo.http: Loading l10n_se 
2025-06-01 14:27:29,668 70026 DEBUG ? odoo.http: Loading l10n_sg 
2025-06-01 14:27:29,669 70026 DEBUG ? odoo.http: Loading l10n_si 
2025-06-01 14:27:29,669 70026 DEBUG ? odoo.http: Loading l10n_sk 
2025-06-01 14:27:29,669 70026 DEBUG ? odoo.http: Loading l10n_syscohada 
2025-06-01 14:27:29,670 70026 DEBUG ? odoo.http: Loading l10n_th 
2025-06-01 14:27:29,670 70026 DEBUG ? odoo.http: Loading l10n_tr 
2025-06-01 14:27:29,671 70026 DEBUG ? odoo.http: Loading l10n_ua 
2025-06-01 14:27:29,671 70026 DEBUG ? odoo.http: Loading l10n_uk 
2025-06-01 14:27:29,671 70026 DEBUG ? odoo.http: Loading l10n_us 
2025-06-01 14:27:29,672 70026 DEBUG ? odoo.http: Loading l10n_uy 
2025-06-01 14:27:29,672 70026 DEBUG ? odoo.http: Loading l10n_ve 
2025-06-01 14:27:29,673 70026 DEBUG ? odoo.http: Loading l10n_vn 
2025-06-01 14:27:29,673 70026 DEBUG ? odoo.http: Loading l10n_za 
2025-06-01 14:27:29,674 70026 DEBUG ? odoo.http: Loading lunch 
2025-06-01 14:27:29,675 70026 DEBUG ? odoo.http: Loading mail 
2025-06-01 14:27:29,676 70026 DEBUG ? odoo.http: Loading mail_bot 
2025-06-01 14:27:29,676 70026 DEBUG ? odoo.http: Loading mail_group 
2025-06-01 14:27:29,677 70026 DEBUG ? odoo.http: Loading mail_plugin 
2025-06-01 14:27:29,677 70026 DEBUG ? odoo.http: Loading maintenance 
2025-06-01 14:27:29,678 70026 DEBUG ? odoo.http: Loading mass_mailing 
2025-06-01 14:27:29,681 70026 DEBUG ? odoo.http: Loading mass_mailing_sms 
2025-06-01 14:27:29,682 70026 DEBUG ? odoo.http: Loading membership 
2025-06-01 14:27:29,683 70026 DEBUG ? odoo.http: Loading microsoft_calendar 
2025-06-01 14:27:29,684 70026 DEBUG ? odoo.http: Loading mrp 
2025-06-01 14:27:29,687 70026 DEBUG ? odoo.http: Loading note 
2025-06-01 14:27:29,687 70026 DEBUG ? odoo.http: Loading pad 
2025-06-01 14:27:29,688 70026 DEBUG ? odoo.http: Loading pad_project 
2025-06-01 14:27:29,688 70026 DEBUG ? odoo.http: Loading partner_autocomplete 
2025-06-01 14:27:29,688 70026 DEBUG ? odoo.http: Loading payment 
2025-06-01 14:27:29,689 70026 DEBUG ? odoo.http: Loading payment_adyen 
2025-06-01 14:27:29,689 70026 DEBUG ? odoo.http: Loading payment_alipay 
2025-06-01 14:27:29,690 70026 DEBUG ? odoo.http: Loading payment_authorize 
2025-06-01 14:27:29,690 70026 DEBUG ? odoo.http: Loading payment_buckaroo 
2025-06-01 14:27:29,690 70026 DEBUG ? odoo.http: Loading payment_mollie 
2025-06-01 14:27:29,691 70026 DEBUG ? odoo.http: Loading payment_ogone 
2025-06-01 14:27:29,691 70026 DEBUG ? odoo.http: Loading payment_paypal 
2025-06-01 14:27:29,691 70026 DEBUG ? odoo.http: Loading payment_payulatam 
2025-06-01 14:27:29,692 70026 DEBUG ? odoo.http: Loading payment_payumoney 
2025-06-01 14:27:29,692 70026 DEBUG ? odoo.http: Loading payment_sips 
2025-06-01 14:27:29,692 70026 DEBUG ? odoo.http: Loading payment_stripe 
2025-06-01 14:27:29,693 70026 DEBUG ? odoo.http: Loading payment_test 
2025-06-01 14:27:29,693 70026 DEBUG ? odoo.http: Loading payment_transfer 
2025-06-01 14:27:29,694 70026 DEBUG ? odoo.http: Loading point_of_sale 
2025-06-01 14:27:29,695 70026 DEBUG ? odoo.http: Loading portal 
2025-06-01 14:27:29,695 70026 DEBUG ? odoo.http: Loading portal_rating 
2025-06-01 14:27:29,696 70026 DEBUG ? odoo.http: Loading pos_adyen 
2025-06-01 14:27:29,696 70026 DEBUG ? odoo.http: Loading pos_cache 
2025-06-01 14:27:29,696 70026 DEBUG ? odoo.http: Loading pos_coupon 
2025-06-01 14:27:29,697 70026 DEBUG ? odoo.http: Loading pos_discount 
2025-06-01 14:27:29,697 70026 DEBUG ? odoo.http: Loading pos_epson_printer 
2025-06-01 14:27:29,698 70026 DEBUG ? odoo.http: Loading pos_epson_printer_restaurant 
2025-06-01 14:27:29,698 70026 DEBUG ? odoo.http: Loading pos_gift_card 
2025-06-01 14:27:29,698 70026 DEBUG ? odoo.http: Loading pos_hr 
2025-06-01 14:27:29,699 70026 DEBUG ? odoo.http: Loading pos_mercury 
2025-06-01 14:27:29,700 70026 DEBUG ? odoo.http: Loading pos_restaurant 
2025-06-01 14:27:29,700 70026 DEBUG ? odoo.http: Loading pos_restaurant_adyen 
2025-06-01 14:27:29,701 70026 DEBUG ? odoo.http: Loading pos_sale 
2025-06-01 14:27:29,701 70026 DEBUG ? odoo.http: Loading pos_sale_gift_card 
2025-06-01 14:27:29,702 70026 DEBUG ? odoo.http: Loading pos_sale_product_configurator 
2025-06-01 14:27:29,702 70026 DEBUG ? odoo.http: Loading pos_six 
2025-06-01 14:27:29,703 70026 DEBUG ? odoo.http: Loading product 
2025-06-01 14:27:29,703 70026 DEBUG ? odoo.http: Loading product_email_template 
2025-06-01 14:27:29,703 70026 DEBUG ? odoo.http: Loading product_expiry 
2025-06-01 14:27:29,704 70026 DEBUG ? odoo.http: Loading product_matrix 
2025-06-01 14:27:29,705 70026 DEBUG ? odoo.http: Loading project 
2025-06-01 14:27:29,706 70026 DEBUG ? odoo.http: Loading project_mail_plugin 
2025-06-01 14:27:29,708 70026 DEBUG ? odoo.http: Loading purchase 
2025-06-01 14:27:29,708 70026 DEBUG ? odoo.http: Loading purchase_product_matrix 
2025-06-01 14:27:29,710 70026 DEBUG ? odoo.http: Loading purchase_stock 
2025-06-01 14:27:29,710 70026 DEBUG ? odoo.http: Loading rating 
2025-06-01 14:27:29,711 70026 DEBUG ? odoo.http: Loading repair 
2025-06-01 14:27:29,711 70026 DEBUG ? odoo.http: Loading resource 
2025-06-01 14:27:29,712 70026 DEBUG ? odoo.http: Loading sale 
2025-06-01 14:27:29,713 70026 DEBUG ? odoo.http: Loading sale_expense 
2025-06-01 14:27:29,714 70026 DEBUG ? odoo.http: Loading sale_management 
2025-06-01 14:27:29,716 70026 DEBUG ? odoo.http: Loading sale_product_configurator 
2025-06-01 14:27:29,716 70026 DEBUG ? odoo.http: Loading sale_product_matrix 
2025-06-01 14:27:29,719 70026 DEBUG ? odoo.http: Loading sale_stock 
2025-06-01 14:27:29,719 70026 DEBUG ? odoo.http: Loading sale_timesheet 
2025-06-01 14:27:29,720 70026 DEBUG ? odoo.http: Loading sales_team 
2025-06-01 14:27:29,721 70026 DEBUG ? odoo.http: Loading sms 
2025-06-01 14:27:29,721 70026 DEBUG ? odoo.http: Loading snailmail 
2025-06-01 14:27:29,722 70026 DEBUG ? odoo.http: Loading snailmail_account 
2025-06-01 14:27:29,723 70026 DEBUG ? odoo.http: Loading stock 
2025-06-01 14:27:29,724 70026 DEBUG ? odoo.http: Loading stock_picking_batch 
2025-06-01 14:27:29,726 70026 DEBUG ? odoo.http: Loading survey 
2025-06-01 14:27:29,727 70026 DEBUG ? odoo.http: Loading test_event_full 
2025-06-01 14:27:29,729 70026 DEBUG ? odoo.http: Loading test_website 
2025-06-01 14:27:29,729 70026 DEBUG ? odoo.http: Loading test_website_modules 
2025-06-01 14:27:29,730 70026 DEBUG ? odoo.http: Loading theme_default 
2025-06-01 14:27:29,730 70026 DEBUG ? odoo.http: Loading transifex 
2025-06-01 14:27:29,731 70026 DEBUG ? odoo.http: Loading utm 
2025-06-01 14:27:29,733 70026 DEBUG ? odoo.http: Loading web 
2025-06-01 14:27:29,733 70026 DEBUG ? odoo.http: Loading web_editor 
2025-06-01 14:27:29,733 70026 DEBUG ? odoo.http: Loading web_kanban_gauge 
2025-06-01 14:27:29,733 70026 DEBUG ? odoo.http: Loading web_tour 
2025-06-01 14:27:29,734 70026 DEBUG ? odoo.http: Loading web_unsplash 
2025-06-01 14:27:29,735 70026 DEBUG ? odoo.http: Loading website 
2025-06-01 14:27:29,735 70026 DEBUG ? odoo.http: Loading website_blog 
2025-06-01 14:27:29,735 70026 DEBUG ? odoo.http: Loading website_crm 
2025-06-01 14:27:29,737 70026 DEBUG ? odoo.http: Loading website_crm_partner_assign 
2025-06-01 14:27:29,738 70026 DEBUG ? odoo.http: Loading website_customer 
2025-06-01 14:27:29,738 70026 DEBUG ? odoo.http: Loading website_event 
2025-06-01 14:27:29,739 70026 DEBUG ? odoo.http: Loading website_event_booth 
2025-06-01 14:27:29,739 70026 DEBUG ? odoo.http: Loading website_event_booth_exhibitor 
2025-06-01 14:27:29,740 70026 DEBUG ? odoo.http: Loading website_event_booth_sale 
2025-06-01 14:27:29,740 70026 DEBUG ? odoo.http: Loading website_event_booth_sale_exhibitor 
2025-06-01 14:27:29,741 70026 DEBUG ? odoo.http: Loading website_event_exhibitor 
2025-06-01 14:27:29,742 70026 DEBUG ? odoo.http: Loading website_event_meet 
2025-06-01 14:27:29,742 70026 DEBUG ? odoo.http: Loading website_event_questions 
2025-06-01 14:27:29,743 70026 DEBUG ? odoo.http: Loading website_event_sale 
2025-06-01 14:27:29,743 70026 DEBUG ? odoo.http: Loading website_event_track 
2025-06-01 14:27:29,744 70026 DEBUG ? odoo.http: Loading website_event_track_live 
2025-06-01 14:27:29,744 70026 DEBUG ? odoo.http: Loading website_event_track_live_quiz 
2025-06-01 14:27:29,744 70026 DEBUG ? odoo.http: Loading website_event_track_quiz 
2025-06-01 14:27:29,745 70026 DEBUG ? odoo.http: Loading website_form_project 
2025-06-01 14:27:29,745 70026 DEBUG ? odoo.http: Loading website_forum 
2025-06-01 14:27:29,746 70026 DEBUG ? odoo.http: Loading website_google_map 
2025-06-01 14:27:29,746 70026 DEBUG ? odoo.http: Loading website_hr_recruitment 
2025-06-01 14:27:29,747 70026 DEBUG ? odoo.http: Loading website_jitsi 
2025-06-01 14:27:29,747 70026 DEBUG ? odoo.http: Loading website_links 
2025-06-01 14:27:29,748 70026 DEBUG ? odoo.http: Loading website_livechat 
2025-06-01 14:27:29,748 70026 DEBUG ? odoo.http: Loading website_mail 
2025-06-01 14:27:29,748 70026 DEBUG ? odoo.http: Loading website_mail_group 
2025-06-01 14:27:29,749 70026 DEBUG ? odoo.http: Loading website_mass_mailing 
2025-06-01 14:27:29,749 70026 DEBUG ? odoo.http: Loading website_membership 
2025-06-01 14:27:29,750 70026 DEBUG ? odoo.http: Loading website_partner 
2025-06-01 14:27:29,750 70026 DEBUG ? odoo.http: Loading website_payment 
2025-06-01 14:27:29,751 70026 DEBUG ? odoo.http: Loading website_profile 
2025-06-01 14:27:29,751 70026 DEBUG ? odoo.http: Loading website_sale 
2025-06-01 14:27:29,752 70026 DEBUG ? odoo.http: Loading website_sale_comparison 
2025-06-01 14:27:29,752 70026 DEBUG ? odoo.http: Loading website_sale_comparison_wishlist 
2025-06-01 14:27:29,753 70026 DEBUG ? odoo.http: Loading website_sale_coupon 
2025-06-01 14:27:29,753 70026 DEBUG ? odoo.http: Loading website_sale_coupon_delivery 
2025-06-01 14:27:29,754 70026 DEBUG ? odoo.http: Loading website_sale_delivery 
2025-06-01 14:27:29,754 70026 DEBUG ? odoo.http: Loading website_sale_delivery_giftcard 
2025-06-01 14:27:29,754 70026 DEBUG ? odoo.http: Loading website_sale_delivery_mondialrelay 
2025-06-01 14:27:29,755 70026 DEBUG ? odoo.http: Loading website_sale_digital 
2025-06-01 14:27:29,755 70026 DEBUG ? odoo.http: Loading website_sale_gift_card 
2025-06-01 14:27:29,755 70026 DEBUG ? odoo.http: Loading website_sale_product_configurator 
2025-06-01 14:27:29,756 70026 DEBUG ? odoo.http: Loading website_sale_slides 
2025-06-01 14:27:29,756 70026 DEBUG ? odoo.http: Loading website_sale_stock 
2025-06-01 14:27:29,757 70026 DEBUG ? odoo.http: Loading website_sale_stock_product_configurator 
2025-06-01 14:27:29,757 70026 DEBUG ? odoo.http: Loading website_sale_stock_wishlist 
2025-06-01 14:27:29,757 70026 DEBUG ? odoo.http: Loading website_sale_wishlist 
2025-06-01 14:27:29,758 70026 DEBUG ? odoo.http: Loading website_slides 
2025-06-01 14:27:29,758 70026 DEBUG ? odoo.http: Loading website_slides_forum 
2025-06-01 14:27:29,759 70026 DEBUG ? odoo.http: Loading website_slides_survey 
2025-06-01 14:27:29,760 70026 DEBUG ? odoo.http: Loading website_twitter 
2025-06-01 14:27:29,760 70026 INFO ? odoo.http: HTTP Configuring static files 
2025-06-01 14:27:29,762 70026 DEBUG ? odoo.http: HTTP sessions stored in: /home/simon/odoo-13-18/arquitectura/odoo15/clientes/cliente1/data/.local/share/Odoo/sessions 
2025-06-01 14:27:29,773 70026 DEBUG dbodoo15 odoo.modules.registry: Multiprocess signaling check: [Registry - 1 -> 1] [Cache - 1 -> 1] 
2025-06-01 14:27:29,773 70026 INFO dbodoo15 odoo.addons.base.models.ir_http: Generating routing map for key None 
2025-06-01 14:27:29,843 70026 INFO dbodoo15 werkzeug: 192.168.1.102 - - [01/Jun/2025 14:27:29] "[32mGET / HTTP/1.1[0m" 303 - 2 0.002 0.079
2025-06-01 14:27:29,851 70026 DEBUG dbodoo15 odoo.modules.registry: Multiprocess signaling check: [Registry - 1 -> 1] [Cache - 1 -> 1] 
2025-06-01 14:27:29,853 70026 INFO dbodoo15 werkzeug: 192.168.1.102 - - [01/Jun/2025 14:27:29] "[32mGET /web HTTP/1.1[0m" 303 - 1 0.000 0.002
2025-06-01 14:27:29,856 70026 DEBUG dbodoo15 odoo.modules.registry: Multiprocess signaling check: [Registry - 1 -> 1] [Cache - 1 -> 1] 
2025-06-01 14:27:29,972 70026 INFO dbodoo15 werkzeug: 192.168.1.102 - - [01/Jun/2025 14:27:29] "GET /web/login HTTP/1.1" 200 - 84 0.023 0.094
2025-06-01 14:27:30,084 70026 DEBUG dbodoo15 odoo.modules.registry: Multiprocess signaling check: [Registry - 1 -> 1] [Cache - 1 -> 1] 
2025-06-01 14:27:30,097 70026 INFO dbodoo15 odoo.addons.base.models.ir_attachment: _read_file reading /home/simon/odoo-13-18/arquitectura/odoo15/clientes/cliente1/data/.local/share/Odoo/filestore/dbodoo15/11/11987dbd64167b9261757d37876b70ba9eb0f38c 
Traceback (most recent call last):
  File "/home/simon/odoo-13-18/arquitectura/odoo15/odoo/odoo/api.py", line 899, in get
    return field_cache[record._ids[0]]
           ~~~~~~~~~~~^^^^^^^^^^^^^^^^
KeyError: 192

During handling of the above exception, another exception occurred:

Traceback (most recent call last):
  File "/home/simon/odoo-13-18/arquitectura/odoo15/odoo/odoo/fields.py", line 1083, in __get__
    value = env.cache.get(record, self)
            ^^^^^^^^^^^^^^^^^^^^^^^^^^^
  File "/home/simon/odoo-13-18/arquitectura/odoo15/odoo/odoo/api.py", line 902, in get
    raise CacheMiss(record, field)
odoo.exceptions.CacheMiss: 'ir.attachment(192,).datas'

During handling of the above exception, another exception occurred:

Traceback (most recent call last):
  File "/home/simon/odoo-13-18/arquitectura/odoo15/odoo/odoo/api.py", line 899, in get
    return field_cache[record._ids[0]]
           ~~~~~~~~~~~^^^^^^^^^^^^^^^^
KeyError: 192

During handling of the above exception, another exception occurred:

Traceback (most recent call last):
  File "/home/simon/odoo-13-18/arquitectura/odoo15/odoo/odoo/fields.py", line 1083, in __get__
    value = env.cache.get(record, self)
            ^^^^^^^^^^^^^^^^^^^^^^^^^^^
  File "/home/simon/odoo-13-18/arquitectura/odoo15/odoo/odoo/api.py", line 902, in get
    raise CacheMiss(record, field)
odoo.exceptions.CacheMiss: 'ir.attachment(192,).raw'

During handling of the above exception, another exception occurred:

Traceback (most recent call last):
  File "/home/simon/odoo-13-18/arquitectura/odoo15/odoo/odoo/addons/base/models/ir_attachment.py", line 120, in _file_read
    with open(full_path, 'rb') as f:
         ^^^^^^^^^^^^^^^^^^^^^
FileNotFoundError: [Errno 2] No such file or directory: '/home/simon/odoo-13-18/arquitectura/odoo15/clientes/cliente1/data/.local/share/Odoo/filestore/dbodoo15/11/11987dbd64167b9261757d37876b70ba9eb0f38c'
2025-06-01 14:27:30,109 70026 INFO dbodoo15 werkzeug: 192.168.1.102 - - [01/Jun/2025 14:27:30] "[33mGET /web/assets/192-2ac3eb0/web.assets_common_lazy.min.js HTTP/1.1[0m" 404 - 5 0.010 0.017
2025-06-01 14:27:35,734 70026 DEBUG dbodoo15 odoo.modules.registry: Multiprocess signaling check: [Registry - 1 -> 1] [Cache - 1 -> 1] 
2025-06-01 14:27:36,063 70026 INFO dbodoo15 odoo.addons.base.models.res_users: Login successful for db:dbodoo15 login:admin from 192.168.1.102 
2025-06-01 14:27:36,071 70026 INFO dbodoo15 odoo.modules.registry: At least one model cache has been invalidated, signaling through the database. 
2025-06-01 14:27:36,072 70026 INFO dbodoo15 werkzeug: 192.168.1.102 - - [01/Jun/2025 14:27:36] "[32mPOST /web/login HTTP/1.1[0m" 303 - 52 0.021 0.318
2025-06-01 14:27:36,075 70026 DEBUG dbodoo15 odoo.modules.registry: Multiprocess signaling check: [Registry - 1 -> 1] [Cache - 2 -> 2] 
2025-06-01 14:27:36,104 70026 INFO dbodoo15 odoo.addons.base.models.ir_attachment: _read_file reading /home/simon/odoo-13-18/arquitectura/odoo15/clientes/cliente1/data/.local/share/Odoo/filestore/dbodoo15/a3/a330920abcef2433621d6bb985bc24828d77f77b 
Traceback (most recent call last):
  File "/home/simon/odoo-13-18/arquitectura/odoo15/odoo/odoo/tools/cache.py", line 85, in lookup
    r = d[key]
        ~^^^^^
  File "/home/simon/odoo-13-18/arquitectura/odoo15/odoo/odoo/tools/func.py", line 71, in wrapper
    return func(self, *args, **kwargs)
           ^^^^^^^^^^^^^^^^^^^^^^^^^^^
  File "/home/simon/odoo-13-18/arquitectura/odoo15/odoo/odoo/tools/lru.py", line 34, in __getitem__
    a = self.d[obj]
        ~~~~~~^^^^^
KeyError: ('ir.ui.menu', <function IrUiMenu.load_menus at 0xf9886f480360>, 2, '', ('en_US',))

During handling of the above exception, another exception occurred:

Traceback (most recent call last):
  File "/home/simon/odoo-13-18/arquitectura/odoo15/odoo/odoo/api.py", line 899, in get
    return field_cache[record._ids[0]]
           ~~~~~~~~~~~^^^^^^^^^^^^^^^^
KeyError: 10

During handling of the above exception, another exception occurred:

Traceback (most recent call last):
  File "/home/simon/odoo-13-18/arquitectura/odoo15/odoo/odoo/fields.py", line 1083, in __get__
    value = env.cache.get(record, self)
            ^^^^^^^^^^^^^^^^^^^^^^^^^^^
  File "/home/simon/odoo-13-18/arquitectura/odoo15/odoo/odoo/api.py", line 902, in get
    raise CacheMiss(record, field)
odoo.exceptions.CacheMiss: 'ir.attachment(10,).datas'

During handling of the above exception, another exception occurred:

Traceback (most recent call last):
  File "/home/simon/odoo-13-18/arquitectura/odoo15/odoo/odoo/api.py", line 899, in get
    return field_cache[record._ids[0]]
           ~~~~~~~~~~~^^^^^^^^^^^^^^^^
KeyError: 10

During handling of the above exception, another exception occurred:

Traceback (most recent call last):
  File "/home/simon/odoo-13-18/arquitectura/odoo15/odoo/odoo/fields.py", line 1083, in __get__
    value = env.cache.get(record, self)
            ^^^^^^^^^^^^^^^^^^^^^^^^^^^
  File "/home/simon/odoo-13-18/arquitectura/odoo15/odoo/odoo/api.py", line 902, in get
    raise CacheMiss(record, field)
odoo.exceptions.CacheMiss: 'ir.attachment(10,).raw'

During handling of the above exception, another exception occurred:

Traceback (most recent call last):
  File "/home/simon/odoo-13-18/arquitectura/odoo15/odoo/odoo/addons/base/models/ir_attachment.py", line 120, in _file_read
    with open(full_path, 'rb') as f:
         ^^^^^^^^^^^^^^^^^^^^^
FileNotFoundError: [Errno 2] No such file or directory: '/home/simon/odoo-13-18/arquitectura/odoo15/clientes/cliente1/data/.local/share/Odoo/filestore/dbodoo15/a3/a330920abcef2433621d6bb985bc24828d77f77b'
2025-06-01 14:27:36,106 70026 INFO dbodoo15 odoo.addons.base.models.ir_attachment: _read_file reading /home/simon/odoo-13-18/arquitectura/odoo15/clientes/cliente1/data/.local/share/Odoo/filestore/dbodoo15/b8/b8f9001425cfd0ef0315797909281b912817643a 
Traceback (most recent call last):
  File "/home/simon/odoo-13-18/arquitectura/odoo15/odoo/odoo/tools/cache.py", line 85, in lookup
    r = d[key]
        ~^^^^^
  File "/home/simon/odoo-13-18/arquitectura/odoo15/odoo/odoo/tools/func.py", line 71, in wrapper
    return func(self, *args, **kwargs)
           ^^^^^^^^^^^^^^^^^^^^^^^^^^^
  File "/home/simon/odoo-13-18/arquitectura/odoo15/odoo/odoo/tools/lru.py", line 34, in __getitem__
    a = self.d[obj]
        ~~~~~~^^^^^
KeyError: ('ir.ui.menu', <function IrUiMenu.load_menus at 0xf9886f480360>, 2, '', ('en_US',))

During handling of the above exception, another exception occurred:

Traceback (most recent call last):
  File "/home/simon/odoo-13-18/arquitectura/odoo15/odoo/odoo/api.py", line 899, in get
    return field_cache[record._ids[0]]
           ~~~~~~~~~~~^^^^^^^^^^^^^^^^
KeyError: 10

During handling of the above exception, another exception occurred:

Traceback (most recent call last):
  File "/home/simon/odoo-13-18/arquitectura/odoo15/odoo/odoo/fields.py", line 1083, in __get__
    value = env.cache.get(record, self)
            ^^^^^^^^^^^^^^^^^^^^^^^^^^^
  File "/home/simon/odoo-13-18/arquitectura/odoo15/odoo/odoo/api.py", line 902, in get
    raise CacheMiss(record, field)
odoo.exceptions.CacheMiss: 'ir.attachment(10,).datas'

During handling of the above exception, another exception occurred:

Traceback (most recent call last):
  File "/home/simon/odoo-13-18/arquitectura/odoo15/odoo/odoo/api.py", line 899, in get
    return field_cache[record._ids[0]]
           ~~~~~~~~~~~^^^^^^^^^^^^^^^^
KeyError: 10

During handling of the above exception, another exception occurred:

Traceback (most recent call last):
  File "/home/simon/odoo-13-18/arquitectura/odoo15/odoo/odoo/fields.py", line 1083, in __get__
    value = env.cache.get(record, self)
            ^^^^^^^^^^^^^^^^^^^^^^^^^^^
  File "/home/simon/odoo-13-18/arquitectura/odoo15/odoo/odoo/api.py", line 902, in get
    raise CacheMiss(record, field)
odoo.exceptions.CacheMiss: 'ir.attachment(10,).raw'

During handling of the above exception, another exception occurred:

Traceback (most recent call last):
  File "/home/simon/odoo-13-18/arquitectura/odoo15/odoo/odoo/addons/base/models/ir_attachment.py", line 120, in _file_read
    with open(full_path, 'rb') as f:
         ^^^^^^^^^^^^^^^^^^^^^
FileNotFoundError: [Errno 2] No such file or directory: '/home/simon/odoo-13-18/arquitectura/odoo15/clientes/cliente1/data/.local/share/Odoo/filestore/dbodoo15/b8/b8f9001425cfd0ef0315797909281b912817643a'
2025-06-01 14:27:37,406 70026 INFO dbodoo15 werkzeug: 192.168.1.102 - - [01/Jun/2025 14:27:37] "GET /web HTTP/1.1" 200 - 175 0.061 1.270
2025-06-01 14:27:37,436 70026 DEBUG dbodoo15 odoo.modules.registry: Multiprocess signaling check: [Registry - 1 -> 1] [Cache - 2 -> 2] 
2025-06-01 14:27:37,440 70026 DEBUG dbodoo15 odoo.modules.registry: Multiprocess signaling check: [Registry - 1 -> 1] [Cache - 2 -> 2] 
2025-06-01 14:27:37,442 70026 DEBUG dbodoo15 odoo.modules.registry: Multiprocess signaling check: [Registry - 1 -> 1] [Cache - 2 -> 2] 
2025-06-01 14:27:37,451 70026 DEBUG dbodoo15 odoo.modules.registry: Multiprocess signaling check: [Registry - 1 -> 1] [Cache - 2 -> 2] 
2025-06-01 14:27:37,469 70026 DEBUG dbodoo15 odoo.modules.registry: Multiprocess signaling check: [Registry - 1 -> 1] [Cache - 2 -> 2] 
2025-06-01 14:27:37,469 70026 DEBUG dbodoo15 odoo.modules.registry: Multiprocess signaling check: [Registry - 1 -> 1] [Cache - 2 -> 2] 
2025-06-01 14:27:37,470 70026 INFO dbodoo15 werkzeug: 192.168.1.102 - - [01/Jun/2025 14:27:37] "GET /web/assets/194-ed8b179/web.assets_backend.min.css HTTP/1.1" 200 - 2 0.002 0.034
2025-06-01 14:27:37,489 70026 INFO dbodoo15 werkzeug: 192.168.1.102 - - [01/Jun/2025 14:27:37] "GET /web/assets/196-ed8b179/web.assets_backend.min.js HTTP/1.1" 200 - 2 0.002 0.050
2025-06-01 14:27:37,492 70026 INFO dbodoo15 werkzeug: 192.168.1.102 - - [01/Jun/2025 14:27:37] "GET /web/assets/195-27fcc00/web.assets_common.min.js HTTP/1.1" 200 - 2 0.008 0.048
2025-06-01 14:27:37,493 70026 DEBUG dbodoo15 odoo.modules.registry: Multiprocess signaling check: [Registry - 1 -> 1] [Cache - 2 -> 2] 
2025-06-01 14:27:37,494 70026 INFO dbodoo15 werkzeug: 192.168.1.102 - - [01/Jun/2025 14:27:37] "GET /web/assets/197-3195aaa/web.assets_backend_prod_only.min.js HTTP/1.1" 200 - 2 0.010 0.045
2025-06-01 14:27:37,495 70026 INFO dbodoo15 werkzeug: 192.168.1.102 - - [01/Jun/2025 14:27:37] "GET /web/webclient/load_menus/24bf99277f85876f574e078d8edd6324bc47e4eeb2f9c69bd467bf050cdf1962 HTTP/1.1" 200 - 1 0.001 0.053
2025-06-01 14:27:37,510 70026 INFO dbodoo15 werkzeug: 192.168.1.102 - - [01/Jun/2025 14:27:37] "GET /web/webclient/translations/5227498d9df4b403b0244c75aac21e0c091e50ce?lang=en_US HTTP/1.1" 200 - 4 0.007 0.019
2025-06-01 14:27:37,522 70026 INFO dbodoo15 werkzeug: 192.168.1.102 - - [01/Jun/2025 14:27:37] "GET /web/webclient/qweb/028f439985f711e043e598482fd310b5f02c5290d0b3b43e9ad820773df582aa?bundle=web.assets_qweb HTTP/1.1" 200 - 2 0.001 0.079
2025-06-01 14:27:37,655 70026 DEBUG dbodoo15 odoo.modules.registry: Multiprocess signaling check: [Registry - 1 -> 1] [Cache - 2 -> 2] 
2025-06-01 14:27:37,656 70026 DEBUG dbodoo15 odoo.addons.web.controllers.main: No moment locale for code en-us 
2025-06-01 14:27:37,657 70026 DEBUG dbodoo15 odoo.addons.web.controllers.main: No moment locale for code en 
2025-06-01 14:27:37,657 70026 INFO dbodoo15 werkzeug: 192.168.1.102 - - [01/Jun/2025 14:27:37] "GET /web/webclient/locale/en_US HTTP/1.1" 200 - 1 0.000 0.002
2025-06-01 14:27:37,681 70026 DEBUG dbodoo15 odoo.modules.registry: Multiprocess signaling check: [Registry - 1 -> 1] [Cache - 2 -> 2] 
2025-06-01 14:27:37,681 70026 DEBUG dbodoo15 odoo.modules.registry: Multiprocess signaling check: [Registry - 1 -> 1] [Cache - 2 -> 2] 
2025-06-01 14:27:37,695 70026 INFO dbodoo15 odoo.addons.base.models.ir_attachment: _read_file reading /home/simon/odoo-13-18/arquitectura/odoo15/clientes/cliente1/data/.local/share/Odoo/filestore/dbodoo15/e7/e7aa49e28912f86a83133bd5730a9f410d778dff 
Traceback (most recent call last):
  File "/home/simon/odoo-13-18/arquitectura/odoo15/odoo/odoo/api.py", line 899, in get
    return field_cache[record._ids[0]]
           ~~~~~~~~~~~^^^^^^^^^^^^^^^^
KeyError: 2

During handling of the above exception, another exception occurred:

Traceback (most recent call last):
  File "/home/simon/odoo-13-18/arquitectura/odoo15/odoo/odoo/fields.py", line 1083, in __get__
    value = env.cache.get(record, self)
            ^^^^^^^^^^^^^^^^^^^^^^^^^^^
  File "/home/simon/odoo-13-18/arquitectura/odoo15/odoo/odoo/api.py", line 902, in get
    raise CacheMiss(record, field)
odoo.exceptions.CacheMiss: 'res.users(2,).avatar_128'

During handling of the above exception, another exception occurred:

Traceback (most recent call last):
  File "/home/simon/odoo-13-18/arquitectura/odoo15/odoo/odoo/api.py", line 899, in get
    return field_cache[record._ids[0]]
           ~~~~~~~~~~~^^^^^^^^^^^^^^^^
KeyError: 3

During handling of the above exception, another exception occurred:

Traceback (most recent call last):
  File "/home/simon/odoo-13-18/arquitectura/odoo15/odoo/odoo/fields.py", line 1083, in __get__
    value = env.cache.get(record, self)
            ^^^^^^^^^^^^^^^^^^^^^^^^^^^
  File "/home/simon/odoo-13-18/arquitectura/odoo15/odoo/odoo/api.py", line 902, in get
    raise CacheMiss(record, field)
odoo.exceptions.CacheMiss: 'res.partner(3,).avatar_128'

During handling of the above exception, another exception occurred:

Traceback (most recent call last):
  File "/home/simon/odoo-13-18/arquitectura/odoo15/odoo/odoo/api.py", line 899, in get
    return field_cache[record._ids[0]]
           ~~~~~~~~~~~^^^^^^^^^^^^^^^^
KeyError: 3

During handling of the above exception, another exception occurred:

Traceback (most recent call last):
  File "/home/simon/odoo-13-18/arquitectura/odoo15/odoo/odoo/fields.py", line 1083, in __get__
    value = env.cache.get(record, self)
            ^^^^^^^^^^^^^^^^^^^^^^^^^^^
  File "/home/simon/odoo-13-18/arquitectura/odoo15/odoo/odoo/api.py", line 902, in get
    raise CacheMiss(record, field)
odoo.exceptions.CacheMiss: 'res.partner(3,).image_128'

During handling of the above exception, another exception occurred:

Traceback (most recent call last):
  File "/home/simon/odoo-13-18/arquitectura/odoo15/odoo/odoo/api.py", line 899, in get
    return field_cache[record._ids[0]]
           ~~~~~~~~~~~^^^^^^^^^^^^^^^^
KeyError: 152

During handling of the above exception, another exception occurred:

Traceback (most recent call last):
  File "/home/simon/odoo-13-18/arquitectura/odoo15/odoo/odoo/fields.py", line 1083, in __get__
    value = env.cache.get(record, self)
            ^^^^^^^^^^^^^^^^^^^^^^^^^^^
  File "/home/simon/odoo-13-18/arquitectura/odoo15/odoo/odoo/api.py", line 902, in get
    raise CacheMiss(record, field)
odoo.exceptions.CacheMiss: 'ir.attachment(152,).datas'

During handling of the above exception, another exception occurred:

Traceback (most recent call last):
  File "/home/simon/odoo-13-18/arquitectura/odoo15/odoo/odoo/api.py", line 899, in get
    return field_cache[record._ids[0]]
           ~~~~~~~~~~~^^^^^^^^^^^^^^^^
KeyError: 152

During handling of the above exception, another exception occurred:

Traceback (most recent call last):
  File "/home/simon/odoo-13-18/arquitectura/odoo15/odoo/odoo/fields.py", line 1083, in __get__
    value = env.cache.get(record, self)
            ^^^^^^^^^^^^^^^^^^^^^^^^^^^
  File "/home/simon/odoo-13-18/arquitectura/odoo15/odoo/odoo/api.py", line 902, in get
    raise CacheMiss(record, field)
odoo.exceptions.CacheMiss: 'ir.attachment(152,).raw'

During handling of the above exception, another exception occurred:

Traceback (most recent call last):
  File "/home/simon/odoo-13-18/arquitectura/odoo15/odoo/odoo/addons/base/models/ir_attachment.py", line 120, in _file_read
    with open(full_path, 'rb') as f:
         ^^^^^^^^^^^^^^^^^^^^^
FileNotFoundError: [Errno 2] No such file or directory: '/home/simon/odoo-13-18/arquitectura/odoo15/clientes/cliente1/data/.local/share/Odoo/filestore/dbodoo15/e7/e7aa49e28912f86a83133bd5730a9f410d778dff'
2025-06-01 14:27:37,697 70026 INFO dbodoo15 werkzeug: 192.168.1.102 - - [01/Jun/2025 14:27:37] "GET /web/image?model=res.users&field=avatar_128&id=2 HTTP/1.1" 200 - 17 0.009 0.008
2025-06-01 14:27:37,703 70026 INFO dbodoo15 werkzeug: 192.168.1.102 - - [01/Jun/2025 14:27:37] "POST /web/action/load HTTP/1.1" 200 - 28 0.013 0.010
2025-06-01 14:27:37,714 70026 DEBUG dbodoo15 odoo.modules.registry: Multiprocess signaling check: [Registry - 1 -> 1] [Cache - 2 -> 2] 
2025-06-01 14:27:37,717 70026 DEBUG dbodoo15 odoo.modules.registry: Multiprocess signaling check: [Registry - 1 -> 1] [Cache - 2 -> 2] 
2025-06-01 14:27:37,718 70026 DEBUG dbodoo15 odoo.api: call ir.module.module().load_views(options={'action_id': 37, 'load_filters': True, 'toolbar': True}, views=[[False, 'kanban'], [False, 'list'], [False, 'form'], [98, 'search']]) 
2025-06-01 14:27:37,722 70026 INFO dbodoo15 odoo.addons.base.models.ir_attachment: _read_file reading /home/simon/odoo-13-18/arquitectura/odoo15/clientes/cliente1/data/.local/share/Odoo/filestore/dbodoo15/2f/2f7028932480cdcb927f83b0165d577669e620fa 
Traceback (most recent call last):
  File "/home/simon/odoo-13-18/arquitectura/odoo15/odoo/odoo/api.py", line 899, in get
    return field_cache[record._ids[0]]
           ~~~~~~~~~~~^^^^^^^^^^^^^^^^
KeyError: 3

During handling of the above exception, another exception occurred:

Traceback (most recent call last):
  File "/home/simon/odoo-13-18/arquitectura/odoo15/odoo/odoo/fields.py", line 1083, in __get__
    value = env.cache.get(record, self)
            ^^^^^^^^^^^^^^^^^^^^^^^^^^^
  File "/home/simon/odoo-13-18/arquitectura/odoo15/odoo/odoo/api.py", line 902, in get
    raise CacheMiss(record, field)
odoo.exceptions.CacheMiss: 'ir.attachment(3,).datas'

During handling of the above exception, another exception occurred:

Traceback (most recent call last):
  File "/home/simon/odoo-13-18/arquitectura/odoo15/odoo/odoo/api.py", line 899, in get
    return field_cache[record._ids[0]]
           ~~~~~~~~~~~^^^^^^^^^^^^^^^^
KeyError: 3

During handling of the above exception, another exception occurred:

Traceback (most recent call last):
  File "/home/simon/odoo-13-18/arquitectura/odoo15/odoo/odoo/fields.py", line 1083, in __get__
    value = env.cache.get(record, self)
            ^^^^^^^^^^^^^^^^^^^^^^^^^^^
  File "/home/simon/odoo-13-18/arquitectura/odoo15/odoo/odoo/api.py", line 902, in get
    raise CacheMiss(record, field)
odoo.exceptions.CacheMiss: 'ir.attachment(3,).raw'

During handling of the above exception, another exception occurred:

Traceback (most recent call last):
  File "/home/simon/odoo-13-18/arquitectura/odoo15/odoo/odoo/addons/base/models/ir_attachment.py", line 120, in _file_read
    with open(full_path, 'rb') as f:
         ^^^^^^^^^^^^^^^^^^^^^
FileNotFoundError: [Errno 2] No such file or directory: '/home/simon/odoo-13-18/arquitectura/odoo15/clientes/cliente1/data/.local/share/Odoo/filestore/dbodoo15/2f/2f7028932480cdcb927f83b0165d577669e620fa'
2025-06-01 14:27:37,726 70026 INFO dbodoo15 werkzeug: 192.168.1.102 - - [01/Jun/2025 14:27:37] "GET /web/image/res.company/1/favicon HTTP/1.1" 200 - 13 0.006 0.007
2025-06-01 14:27:37,757 70026 INFO dbodoo15 werkzeug: 192.168.1.102 - - [01/Jun/2025 14:27:37] "POST /web/dataset/call_kw/ir.module.module/load_views HTTP/1.1" 200 - 58 0.023 0.018
2025-06-01 14:27:37,785 70026 DEBUG dbodoo15 odoo.modules.registry: Multiprocess signaling check: [Registry - 1 -> 1] [Cache - 2 -> 2] 
2025-06-01 14:27:37,786 70026 DEBUG dbodoo15 odoo.api: call ir.module.module().search_panel_select_range('category_id', category_domain=[], enable_counters=True, expand=False, filter_domain=[], hierarchize=True, limit=200, search_domain=[['application', '=', True]]) 
2025-06-01 14:27:37,800 70026 INFO dbodoo15 werkzeug: 192.168.1.102 - - [01/Jun/2025 14:27:37] "POST /web/dataset/call_kw/ir.module.module/search_panel_select_range HTTP/1.1" 200 - 42 0.011 0.006
2025-06-01 14:27:37,806 70026 DEBUG dbodoo15 odoo.modules.registry: Multiprocess signaling check: [Registry - 1 -> 1] [Cache - 2 -> 2] 
2025-06-01 14:27:37,810 70026 INFO dbodoo15 werkzeug: 192.168.1.102 - - [01/Jun/2025 14:27:37] "POST /web/dataset/search_read HTTP/1.1" 200 - 3 0.002 0.003
2025-06-01 14:27:37,843 70026 INFO ? werkzeug: 192.168.1.102 - - [01/Jun/2025 14:27:37] "GET /sale_management/static/description/icon.png HTTP/1.1" 200 - - - -
2025-06-01 14:27:37,845 70026 INFO ? werkzeug: 192.168.1.102 - - [01/Jun/2025 14:27:37] "GET /base/static/img/icons/mrp_workorder.png HTTP/1.1" 200 - - - -
2025-06-01 14:27:37,845 70026 INFO ? werkzeug: 192.168.1.102 - - [01/Jun/2025 14:27:37] "GET /crm/static/description/icon.png HTTP/1.1" 200 - - - -
2025-06-01 14:27:37,847 70026 INFO ? werkzeug: 192.168.1.102 - - [01/Jun/2025 14:27:37] "GET /account/static/description/icon.png HTTP/1.1" 200 - - - -
2025-06-01 14:27:37,853 70026 INFO ? werkzeug: 192.168.1.102 - - [01/Jun/2025 14:27:37] "GET /website/static/description/icon.png HTTP/1.1" 200 - - - -
2025-06-01 14:27:37,855 70026 INFO ? werkzeug: 192.168.1.102 - - [01/Jun/2025 14:27:37] "GET /base/static/img/icons/account_accountant.png HTTP/1.1" 200 - - - -
2025-06-01 14:27:37,855 70026 INFO ? werkzeug: 192.168.1.102 - - [01/Jun/2025 14:27:37] "GET /stock/static/description/icon.png HTTP/1.1" 200 - - - -
2025-06-01 14:27:37,856 70026 INFO ? werkzeug: 192.168.1.102 - - [01/Jun/2025 14:27:37] "GET /purchase/static/description/icon.png HTTP/1.1" 200 - - - -
2025-06-01 14:27:37,857 70026 INFO ? werkzeug: 192.168.1.102 - - [01/Jun/2025 14:27:37] "GET /point_of_sale/static/description/icon.png HTTP/1.1" 200 - - - -
2025-06-01 14:27:37,857 70026 INFO ? werkzeug: 192.168.1.102 - - [01/Jun/2025 14:27:37] "GET /project/static/description/icon.png HTTP/1.1" 200 - - - -
2025-06-01 14:27:37,864 70026 INFO ? werkzeug: 192.168.1.102 - - [01/Jun/2025 14:27:37] "GET /website_sale/static/description/icon.png HTTP/1.1" 200 - - - -
2025-06-01 14:27:37,865 70026 INFO ? werkzeug: 192.168.1.102 - - [01/Jun/2025 14:27:37] "GET /mrp/static/description/icon.png HTTP/1.1" 200 - - - -
2025-06-01 14:27:37,865 70026 INFO ? werkzeug: 192.168.1.102 - - [01/Jun/2025 14:27:37] "GET /mass_mailing/static/description/icon.png HTTP/1.1" 200 - - - -
2025-06-01 14:27:37,868 70026 INFO ? werkzeug: 192.168.1.102 - - [01/Jun/2025 14:27:37] "GET /base/static/img/icons/timesheet_grid.png HTTP/1.1" 200 - - - -
2025-06-01 14:27:37,874 70026 INFO ? werkzeug: 192.168.1.102 - - [01/Jun/2025 14:27:37] "GET /hr_expense/static/description/icon.png HTTP/1.1" 200 - - - -
2025-06-01 14:27:37,877 70026 INFO ? werkzeug: 192.168.1.102 - - [01/Jun/2025 14:27:37] "GET /base/static/img/icons/web_studio.png HTTP/1.1" 200 - - - -
2025-06-01 14:27:37,880 70026 INFO ? werkzeug: 192.168.1.102 - - [01/Jun/2025 14:27:37] "GET /maintenance/static/description/icon.png HTTP/1.1" 200 - - - -
2025-06-01 14:27:37,884 70026 INFO ? werkzeug: 192.168.1.102 - - [01/Jun/2025 14:27:37] "GET /base/static/img/icons/industry_fsm.png HTTP/1.1" 200 - - - -
2025-06-01 14:27:37,884 70026 INFO ? werkzeug: 192.168.1.102 - - [01/Jun/2025 14:27:37] "GET /hr_recruitment/static/description/icon.png HTTP/1.1" 200 - - - -
2025-06-01 14:27:37,884 70026 INFO ? werkzeug: 192.168.1.102 - - [01/Jun/2025 14:27:37] "GET /hr/static/description/icon.png HTTP/1.1" 200 - - - -
2025-06-01 14:27:37,885 70026 INFO ? werkzeug: 192.168.1.102 - - [01/Jun/2025 14:27:37] "GET /hr_holidays/static/description/icon.png HTTP/1.1" 200 - - - -
2025-06-01 14:27:37,908 70026 INFO ? werkzeug: 192.168.1.102 - - [01/Jun/2025 14:27:37] "GET /base/static/img/icons/sign.png HTTP/1.1" 200 - - - -
2025-06-01 14:27:37,910 70026 INFO ? werkzeug: 192.168.1.102 - - [01/Jun/2025 14:27:37] "GET /base/static/img/icons/helpdesk.png HTTP/1.1" 200 - - - -
2025-06-01 14:27:37,910 70026 INFO ? werkzeug: 192.168.1.102 - - [01/Jun/2025 14:27:37] "GET /base/static/img/icons/sale_subscription.png HTTP/1.1" 200 - - - -
2025-06-01 14:27:37,913 70026 INFO ? werkzeug: 192.168.1.102 - - [01/Jun/2025 14:27:37] "GET /base/static/img/icons/quality_control.png HTTP/1.1" 200 - - - -
2025-06-01 14:27:37,927 70026 INFO ? werkzeug: 192.168.1.102 - - [01/Jun/2025 14:27:37] "GET /base/static/img/icons/planning.png HTTP/1.1" 200 - - - -
2025-06-01 14:27:37,931 70026 INFO ? werkzeug: 192.168.1.102 - - [01/Jun/2025 14:27:37] "GET /website_slides/static/description/icon.png HTTP/1.1" 200 - - - -
2025-06-01 14:27:37,941 70026 INFO ? werkzeug: 192.168.1.102 - - [01/Jun/2025 14:27:37] "GET /mail/static/description/icon.png HTTP/1.1" 200 - - - -
2025-06-01 14:27:37,941 70026 INFO ? werkzeug: 192.168.1.102 - - [01/Jun/2025 14:27:37] "GET /contacts/static/description/icon.png HTTP/1.1" 200 - - - -
2025-06-01 14:27:37,941 70026 INFO ? werkzeug: 192.168.1.102 - - [01/Jun/2025 14:27:37] "GET /website_event/static/description/icon.png HTTP/1.1" 200 - - - -
2025-06-01 14:27:37,947 70026 INFO ? werkzeug: 192.168.1.102 - - [01/Jun/2025 14:27:37] "GET /calendar/static/description/icon.png HTTP/1.1" 200 - - - -
2025-06-01 14:27:37,949 70026 INFO ? werkzeug: 192.168.1.102 - - [01/Jun/2025 14:27:37] "GET /base/static/img/icons/mrp_plm.png HTTP/1.1" 200 - - - -
2025-06-01 14:27:37,952 70026 INFO ? werkzeug: 192.168.1.102 - - [01/Jun/2025 14:27:37] "GET /base/static/img/icons/marketing_automation.png HTTP/1.1" 200 - - - -
2025-06-01 14:27:37,953 70026 INFO ? werkzeug: 192.168.1.102 - - [01/Jun/2025 14:27:37] "GET /fleet/static/description/icon.png HTTP/1.1" 200 - - - -
2025-06-01 14:27:37,954 70026 INFO ? werkzeug: 192.168.1.102 - - [01/Jun/2025 14:27:37] "GET /website_blog/static/description/icon.png HTTP/1.1" 200 - - - -
2025-06-01 14:27:37,955 70026 INFO ? werkzeug: 192.168.1.102 - - [01/Jun/2025 14:27:37] "GET /base/static/img/icons/hr_appraisal.png HTTP/1.1" 200 - - - -
2025-06-01 14:27:37,962 70026 INFO ? werkzeug: 192.168.1.102 - - [01/Jun/2025 14:27:37] "GET /base/static/img/icons/appointment.png HTTP/1.1" 200 - - - -
2025-06-01 14:27:37,964 70026 INFO ? werkzeug: 192.168.1.102 - - [01/Jun/2025 14:27:37] "GET /base/static/img/icons/web_mobile.png HTTP/1.1" 200 - - - -
2025-06-01 14:27:37,964 70026 INFO ? werkzeug: 192.168.1.102 - - [01/Jun/2025 14:27:37] "GET /survey/static/description/icon.png HTTP/1.1" 200 - - - -
2025-06-01 14:27:37,965 70026 INFO ? werkzeug: 192.168.1.102 - - [01/Jun/2025 14:27:37] "GET /board/static/description/icon.png HTTP/1.1" 200 - - - -
2025-06-01 14:27:37,967 70026 INFO ? werkzeug: 192.168.1.102 - - [01/Jun/2025 14:27:37] "GET /im_livechat/static/description/icon.png HTTP/1.1" 200 - - - -
2025-06-01 14:27:37,967 70026 INFO ? werkzeug: 192.168.1.102 - - [01/Jun/2025 14:27:37] "GET /repair/static/description/icon.png HTTP/1.1" 200 - - - -
2025-06-01 14:27:37,968 70026 INFO ? werkzeug: 192.168.1.102 - - [01/Jun/2025 14:27:37] "GET /hr_attendance/static/description/icon.png HTTP/1.1" 200 - - - -
2025-06-01 14:27:37,974 70026 INFO ? werkzeug: 192.168.1.102 - - [01/Jun/2025 14:27:37] "GET /mass_mailing_sms/static/description/icon.png HTTP/1.1" 200 - - - -
2025-06-01 14:27:37,975 70026 INFO ? werkzeug: 192.168.1.102 - - [01/Jun/2025 14:27:37] "GET /base/static/img/icons/stock_barcode.png HTTP/1.1" 200 - - - -
2025-06-01 14:27:37,978 70026 INFO ? werkzeug: 192.168.1.102 - - [01/Jun/2025 14:27:37] "GET /note/static/description/icon.png HTTP/1.1" 200 - - - -
2025-06-01 14:27:37,979 70026 INFO ? werkzeug: 192.168.1.102 - - [01/Jun/2025 14:27:37] "GET /website_forum/static/description/icon.png HTTP/1.1" 200 - - - -
2025-06-01 14:27:37,980 70026 INFO ? werkzeug: 192.168.1.102 - - [01/Jun/2025 14:27:37] "GET /hr_skills/static/description/icon.png HTTP/1.1" 200 - - - -
2025-06-01 14:27:37,982 70026 INFO ? werkzeug: 192.168.1.102 - - [01/Jun/2025 14:27:37] "GET /base/static/img/icons/voip.png HTTP/1.1" 200 - - - -
2025-06-01 14:27:37,983 70026 INFO ? werkzeug: 192.168.1.102 - - [01/Jun/2025 14:27:37] "GET /lunch/static/description/icon.png HTTP/1.1" 200 - - - -
2025-06-01 14:27:37,987 70026 INFO ? werkzeug: 192.168.1.102 - - [01/Jun/2025 14:27:37] "GET /website_hr_recruitment/static/description/icon.png HTTP/1.1" 200 - - - -
2025-06-01 14:27:37,988 70026 INFO ? werkzeug: 192.168.1.102 - - [01/Jun/2025 14:27:37] "GET /base/static/img/icons/sale_ebay.png HTTP/1.1" 200 - - - -
2025-06-01 14:27:37,988 70026 INFO ? werkzeug: 192.168.1.102 - - [01/Jun/2025 14:27:37] "GET /hr_contract/static/description/icon.png HTTP/1.1" 200 - - - -
2025-06-01 14:27:37,993 70026 INFO ? werkzeug: 192.168.1.102 - - [01/Jun/2025 14:27:37] "GET /payment_adyen/static/description/icon.png HTTP/1.1" 200 - - - -
2025-06-01 14:27:37,993 70026 INFO ? werkzeug: 192.168.1.102 - - [01/Jun/2025 14:27:37] "GET /payment_alipay/static/description/icon.png HTTP/1.1" 200 - - - -
2025-06-01 14:27:37,994 70026 INFO ? werkzeug: 192.168.1.102 - - [01/Jun/2025 14:27:37] "GET /payment_authorize/static/description/icon.png HTTP/1.1" 200 - - - -
2025-06-01 14:27:37,998 70026 INFO ? werkzeug: 192.168.1.102 - - [01/Jun/2025 14:27:37] "GET /payment_buckaroo/static/description/icon.png HTTP/1.1" 200 - - - -
2025-06-01 14:27:37,998 70026 INFO ? werkzeug: 192.168.1.102 - - [01/Jun/2025 14:27:37] "GET /payment_mollie/static/description/icon.png HTTP/1.1" 200 - - - -
2025-06-01 14:27:38,000 70026 INFO ? werkzeug: 192.168.1.102 - - [01/Jun/2025 14:27:38] "GET /payment_ogone/static/description/icon.png HTTP/1.1" 200 - - - -
2025-06-01 14:27:38,003 70026 INFO ? werkzeug: 192.168.1.102 - - [01/Jun/2025 14:27:38] "GET /payment_payumoney/static/description/icon.png HTTP/1.1" 200 - - - -
2025-06-01 14:27:38,004 70026 INFO ? werkzeug: 192.168.1.102 - - [01/Jun/2025 14:27:38] "GET /payment_paypal/static/description/icon.png HTTP/1.1" 200 - - - -
2025-06-01 14:27:38,005 70026 INFO ? werkzeug: 192.168.1.102 - - [01/Jun/2025 14:27:38] "GET /payment_stripe/static/description/icon.png HTTP/1.1" 200 - - - -
2025-06-01 14:27:38,008 70026 INFO ? werkzeug: 192.168.1.102 - - [01/Jun/2025 14:27:38] "GET /payment_payulatam/static/description/icon.png HTTP/1.1" 200 - - - -
2025-06-01 14:27:38,009 70026 INFO ? werkzeug: 192.168.1.102 - - [01/Jun/2025 14:27:38] "GET /payment_sips/static/description/icon.png HTTP/1.1" 200 - - - -
2025-06-01 14:27:44,392 70026 DEBUG dbodoo15 odoo.modules.registry: Multiprocess signaling check: [Registry - 1 -> 1] [Cache - 2 -> 2] 
2025-06-01 14:27:44,418 70026 INFO dbodoo15 werkzeug: 192.168.1.102 - - [01/Jun/2025 14:27:44] "POST /web/action/load HTTP/1.1" 200 - 41 0.014 0.014
2025-06-01 14:27:44,427 70026 DEBUG dbodoo15 odoo.modules.registry: Multiprocess signaling check: [Registry - 1 -> 1] [Cache - 2 -> 2] 
2025-06-01 14:27:44,428 70026 DEBUG dbodoo15 odoo.api: call res.users().load_views(options={'action_id': 72, 'load_filters': True, 'toolbar': True}, views=[[165, 'list'], [164, 'form'], [False, 'kanban'], [167, 'search']]) 
2025-06-01 14:27:44,465 70026 INFO dbodoo15 werkzeug: 192.168.1.102 - - [01/Jun/2025 14:27:44] "POST /web/dataset/call_kw/res.users/load_views HTTP/1.1" 200 - 57 0.019 0.020
2025-06-01 14:27:44,488 70026 DEBUG dbodoo15 odoo.modules.registry: Multiprocess signaling check: [Registry - 1 -> 1] [Cache - 2 -> 2] 
2025-06-01 14:27:44,496 70026 INFO dbodoo15 werkzeug: 192.168.1.102 - - [01/Jun/2025 14:27:44] "POST /web/dataset/search_read HTTP/1.1" 200 - 16 0.005 0.004
2025-06-01 14:27:44,512 70026 DEBUG dbodoo15 odoo.modules.registry: Multiprocess signaling check: [Registry - 1 -> 1] [Cache - 2 -> 2] 
2025-06-01 14:27:44,512 70026 DEBUG dbodoo15 odoo.api: call res.users().has_group('base.group_allow_export') 
2025-06-01 14:27:44,513 70026 INFO dbodoo15 werkzeug: 192.168.1.102 - - [01/Jun/2025 14:27:44] "POST /web/dataset/call_kw/res.users/has_group HTTP/1.1" 200 - 2 0.001 0.002
2025-06-01 14:27:47,989 70026 DEBUG dbodoo15 odoo.modules.registry: Multiprocess signaling check: [Registry - 1 -> 1] [Cache - 2 -> 2] 
2025-06-01 14:27:47,990 70026 INFO dbodoo15 werkzeug: 192.168.1.102 - - [01/Jun/2025 14:27:47] "[32mGET /web/session/logout HTTP/1.1[0m" 303 - 1 0.000 0.002
2025-06-01 14:27:47,994 70026 DEBUG dbodoo15 odoo.modules.registry: Multiprocess signaling check: [Registry - 1 -> 1] [Cache - 2 -> 2] 
2025-06-01 14:27:47,995 70026 INFO dbodoo15 werkzeug: 192.168.1.102 - - [01/Jun/2025 14:27:47] "[32mGET /web HTTP/1.1[0m" 303 - 1 0.000 0.002
2025-06-01 14:27:47,998 70026 DEBUG dbodoo15 odoo.modules.registry: Multiprocess signaling check: [Registry - 1 -> 1] [Cache - 2 -> 2] 
2025-06-01 14:27:48,078 70026 INFO dbodoo15 werkzeug: 192.168.1.102 - - [01/Jun/2025 14:27:48] "GET /web/login HTTP/1.1" 200 - 81 0.020 0.061
2025-06-01 14:27:48,147 70026 DEBUG dbodoo15 odoo.modules.registry: Multiprocess signaling check: [Registry - 1 -> 1] [Cache - 2 -> 2] 
2025-06-01 14:27:48,149 70026 INFO dbodoo15 odoo.addons.base.models.ir_attachment: _read_file reading /home/simon/odoo-13-18/arquitectura/odoo15/clientes/cliente1/data/.local/share/Odoo/filestore/dbodoo15/11/11987dbd64167b9261757d37876b70ba9eb0f38c 
Traceback (most recent call last):
  File "/home/simon/odoo-13-18/arquitectura/odoo15/odoo/odoo/api.py", line 899, in get
    return field_cache[record._ids[0]]
           ~~~~~~~~~~~^^^^^^^^^^^^^^^^
KeyError: 192

During handling of the above exception, another exception occurred:

Traceback (most recent call last):
  File "/home/simon/odoo-13-18/arquitectura/odoo15/odoo/odoo/fields.py", line 1083, in __get__
    value = env.cache.get(record, self)
            ^^^^^^^^^^^^^^^^^^^^^^^^^^^
  File "/home/simon/odoo-13-18/arquitectura/odoo15/odoo/odoo/api.py", line 902, in get
    raise CacheMiss(record, field)
odoo.exceptions.CacheMiss: 'ir.attachment(192,).datas'

During handling of the above exception, another exception occurred:

Traceback (most recent call last):
  File "/home/simon/odoo-13-18/arquitectura/odoo15/odoo/odoo/api.py", line 899, in get
    return field_cache[record._ids[0]]
           ~~~~~~~~~~~^^^^^^^^^^^^^^^^
KeyError: 192

During handling of the above exception, another exception occurred:

Traceback (most recent call last):
  File "/home/simon/odoo-13-18/arquitectura/odoo15/odoo/odoo/fields.py", line 1083, in __get__
    value = env.cache.get(record, self)
            ^^^^^^^^^^^^^^^^^^^^^^^^^^^
  File "/home/simon/odoo-13-18/arquitectura/odoo15/odoo/odoo/api.py", line 902, in get
    raise CacheMiss(record, field)
odoo.exceptions.CacheMiss: 'ir.attachment(192,).raw'

During handling of the above exception, another exception occurred:

Traceback (most recent call last):
  File "/home/simon/odoo-13-18/arquitectura/odoo15/odoo/odoo/addons/base/models/ir_attachment.py", line 120, in _file_read
    with open(full_path, 'rb') as f:
         ^^^^^^^^^^^^^^^^^^^^^
FileNotFoundError: [Errno 2] No such file or directory: '/home/simon/odoo-13-18/arquitectura/odoo15/clientes/cliente1/data/.local/share/Odoo/filestore/dbodoo15/11/11987dbd64167b9261757d37876b70ba9eb0f38c'
2025-06-01 14:27:48,150 70026 INFO dbodoo15 werkzeug: 192.168.1.102 - - [01/Jun/2025 14:27:48] "[33mGET /web/assets/192-2ac3eb0/web.assets_common_lazy.min.js HTTP/1.1[0m" 404 - 5 0.001 0.003
2025-06-01 14:27:53,634 70026 INFO dbodoo15 odoo.service.server: Initiating shutdown 
2025-06-01 14:27:53,634 70026 INFO dbodoo15 odoo.service.server: Hit CTRL-C again or send a second signal to force the shutdown. 
2025-06-01 14:27:53,654 70026 DEBUG dbodoo15 odoo.service.server: on_close call <bound method Event.set of <threading.Event at 0xf9886d652600: unset>> 
2025-06-01 14:27:53,654 70026 DEBUG dbodoo15 odoo.service.server: on_close call <bound method ImDispatch.wakeup_workers of <odoo.addons.bus.models.bus.ImDispatch object at 0xf9886d652690>> 
2025-06-01 14:27:53,654 70026 DEBUG dbodoo15 odoo.service.server: current thread: <_MainThread(MainThread, started 274364464932640)> 
2025-06-01 14:27:53,654 70026 DEBUG dbodoo15 odoo.service.server: process <_MainThread(MainThread, started 274364464932640)> (False) 
2025-06-01 14:27:53,654 70026 DEBUG dbodoo15 odoo.service.server: process <Thread(odoo.service.cron.cron0, started daemon 274364337680768)> (True) 
2025-06-01 14:27:53,654 70026 DEBUG dbodoo15 odoo.service.server: process <Thread(odoo.service.cron.cron1, started daemon 274364255695232)> (True) 
2025-06-01 14:27:53,657 70026 INFO dbodoo15 odoo.sql_db: ConnectionPool(used=0/count=0/max=64): Closed 7 connections  
2025-06-01 14:27:53,657 70026 DEBUG dbodoo15 odoo.service.server: -- 
